# Iniciar GIT.
**$ git init**

#Añadir archivos, "." todos o nombre de archivo en directorio.
$ git add .

#Hacer cambion, se agrega comentario de cambio.
$ git commit -m 'esto es un comentario'

#Conectarse a repositorio.
$ git remote add origin https://github.com/yamlfullsan/cursopython.git

#Si hay error --> fatal: remote origin already exists -- tecleamos lo siguiente y repetimos paso anterior.
$ git remote rm origin

# Subimos código.
$ git push -u origin master
